---
source: crates/shiplog-render-md/src/lib.rs
expression: result
---
# Summary

**Window:** 2024

**Workstreams:** 1

**Events:** 1 PRs, 0 reviews, 0 manual

**Coverage:** Partial

**Sources:** github

**Warnings:**
  - ⚠️ API rate limit hit

## Workstreams

### Feature

**Claim scaffolds**

- Problem: _fill_
- What I shipped: _fill_
- Why it mattered: _fill_
- Result: _fill_

_PRs: 1, Reviews: 0, Manual: 0_

## Receipts

### Workstream: Feature

- [PR] Add feature (1970-01-01) — [owner/repo](https://github.com/owner/repo/pull/1)

## Coverage

- **Date window:** 2024-01-01 to 2024-12-31
- **Mode:** test
- **Sources:** github
- **Completeness:** Partial
- **Query slices:** 1
  - ⚠️ 1 slices had incomplete results
  - **Slicing applied (API caps):**
    - test: fetched 50/100 (50%)

## Appendix: All Receipts

### Feature

- [PR] Add feature (1970-01-01) — [owner/repo](https://github.com/owner/repo/pull/1)

---

## File Artifacts

- `ledger.events.jsonl` (canonical events)
- `coverage.manifest.json` (completeness + slicing)
- `workstreams.yaml` (editable clustering)
- `manual_events.yaml` (non-GitHub work)
